------------------------------------------------------------
Timing Analyzer Summary
------------------------------------------------------------

Type  : Slow 1100mV 100C Model Setup 'divisorFrecuencia:divisorFrecuencia|C_1Hz'
Slack : -102.713
TNS   : -42307.893

Type  : Slow 1100mV 100C Model Setup 'clock'
Slack : -7.973
TNS   : -133.247

Type  : Slow 1100mV 100C Model Hold 'divisorFrecuencia:divisorFrecuencia|C_1Hz'
Slack : 0.430
TNS   : 0.000

Type  : Slow 1100mV 100C Model Hold 'clock'
Slack : 0.623
TNS   : 0.000

Type  : Slow 1100mV 100C Model Minimum Pulse Width 'divisorFrecuencia:divisorFrecuencia|C_1Hz'
Slack : -2.636
TNS   : -2852.524

Type  : Slow 1100mV 100C Model Minimum Pulse Width 'clock'
Slack : -0.647
TNS   : -20.756

Type  : Slow 1100mV -40C Model Setup 'divisorFrecuencia:divisorFrecuencia|C_1Hz'
Slack : -108.297
TNS   : -41130.154

Type  : Slow 1100mV -40C Model Setup 'clock'
Slack : -8.432
TNS   : -138.470

Type  : Slow 1100mV -40C Model Hold 'divisorFrecuencia:divisorFrecuencia|C_1Hz'
Slack : 0.367
TNS   : 0.000

Type  : Slow 1100mV -40C Model Hold 'clock'
Slack : 0.671
TNS   : 0.000

Type  : Slow 1100mV -40C Model Minimum Pulse Width 'divisorFrecuencia:divisorFrecuencia|C_1Hz'
Slack : -2.636
TNS   : -2808.601

Type  : Slow 1100mV -40C Model Minimum Pulse Width 'clock'
Slack : -0.642
TNS   : -22.234

Type  : Fast 1100mV 100C Model Setup 'divisorFrecuencia:divisorFrecuencia|C_1Hz'
Slack : -50.852
TNS   : -23791.631

Type  : Fast 1100mV 100C Model Setup 'clock'
Slack : -4.109
TNS   : -53.887

Type  : Fast 1100mV 100C Model Hold 'divisorFrecuencia:divisorFrecuencia|C_1Hz'
Slack : 0.161
TNS   : 0.000

Type  : Fast 1100mV 100C Model Hold 'clock'
Slack : 0.274
TNS   : 0.000

Type  : Fast 1100mV 100C Model Minimum Pulse Width 'divisorFrecuencia:divisorFrecuencia|C_1Hz'
Slack : -2.174
TNS   : -433.850

Type  : Fast 1100mV 100C Model Minimum Pulse Width 'clock'
Slack : -0.488
TNS   : -2.825

Type  : Fast 1100mV -40C Model Setup 'divisorFrecuencia:divisorFrecuencia|C_1Hz'
Slack : -46.078
TNS   : -19633.739

Type  : Fast 1100mV -40C Model Setup 'clock'
Slack : -3.644
TNS   : -47.296

Type  : Fast 1100mV -40C Model Hold 'divisorFrecuencia:divisorFrecuencia|C_1Hz'
Slack : 0.129
TNS   : 0.000

Type  : Fast 1100mV -40C Model Hold 'clock'
Slack : 0.254
TNS   : 0.000

Type  : Fast 1100mV -40C Model Minimum Pulse Width 'divisorFrecuencia:divisorFrecuencia|C_1Hz'
Slack : -2.174
TNS   : -323.333

Type  : Fast 1100mV -40C Model Minimum Pulse Width 'clock'
Slack : -0.517
TNS   : -2.903

------------------------------------------------------------
